hello its just a test
